🔧 Criando projeto e iniciando build no diretório: /home/z/my-project/app-cobrancas
Found eas-cli in your project dependencies.
It's recommended to use the "cli.version" field in eas.json to enforce the eas-cli version for your project.
Learn more: https://github.com/expo/eas-cli#enforcing-eas-cli-version-for-your-project

The field "cli.appVersionSource" is not set, but it will be required in the future. Learn more: https://docs.expo.dev/build-reference/app-versions/
Resolved "preview" environment for the build. Learn more: https://docs.expo.dev/eas/environment-variables/#setting-the-environment-for-your-builds
No environment variables with visibility "Plain text" and "Sensitive" found for the "preview" environment on EAS.



The field "cli.appVersionSource" is not set, but it will be required in the future. Learn more: https://docs.expo.dev/build-reference/app-versions/
✔ Using remote Android credentials (Expo server)
✔ Using Keystore from configuration: Build Credentials wvuFRI4ktf (default)

Compressing project files and uploading to EAS Build. Learn more: https://expo.fyi/eas-build-archive
- Uploading to EAS Build (0 / 1.6 MB)
✔ Uploaded to EAS 1s
- Computing project fingerprint
✔ Computed project fingerprint

See logs: https://expo.dev/accounts/rguisantoss/projects/app-cobrancas/builds/db90010e-8854-4a63-aa9b-a07f4b125deb

Waiting for build to complete. You can press Ctrl+C to exit.
- Waiting for build to complete.
  Build queued...

Start builds sooner in the priority queue.
Sign up for a paid plan at https://expo.dev/accounts/rguisantoss/settings/billing

Waiting in Free tier queue

- Build is about to start
✔ Build finished
  ▄▄▄▄▄▄▄▄▄▄▄▄▄▄▄▄▄▄▄▄▄▄▄▄▄▄▄▄▄▄▄▄▄▄▄▄▄▄▄
  █ ▄▄▄▄▄ █▄▀▀▀▄▄██▀▀ ▄▄█▀ ▄ ██ █ ▄▄▄▄▄ █
  █ █   █ █   ▄▀    ▀█▀▄█▀██ ▀▀▄█ █   █ █
  █ █▄▄▄█ █▄█▀█ ▀▄▄▀ █  ▀▀█▄▀▀▄▄█ █▄▄▄█ █
  █▄▄▄▄▄▄▄█▄█ ▀ █▄▀ ▀▄▀ █ ▀▄█ ▀▄█▄▄▄▄▄▄▄█
  █▄▄▄▄██▄▀▄█ ▀██▄██ █  ▄█▀▄▀▄█▀▄█▀▄  ▀▄█
  █ ▄▄█▄ ▄ ▀▄ ▄▀▀ █ ▄▀▀ ▄▄▄▄ ▀█  ▀ ▄█  ▀█
  █ ▀ ▄█▄▄█████  █ ▀  ▀██▄█ ▄▄▀▀  ▀   █ █
  █ █   █▄▀▄▄██▄▄▀▀ █▀▄▀ ▄▀▄█▀▀▀▀█▀  █▄▀█
  █▀▀▄▄▄▄▄▀▀▄▀ ▄ █▀ █▀▄ ▄▄▀█ ▀▀▄█▀▀█▀▄ ▀█
  █▄▄    ▄ ▀▀██▄▄▀▄ ▀▄█ ████▄█  ▄▀▀ ▀▄ ▄█
  █ ▄█  ▄▄    ▀ ▀█▄▄▄█▀▀ █▀▄▀██  █▀▄██ ██
  █ ▀▀▀ █▄▀   ▄▄▀▀██▄▀▀▀██▄▀ ▀▀▀▀█▄▄ ▀███
  █▄█▀██▀▄█ █ ██▄  ▄  ▀▄▀▄█▀▄▄    ▀ █ ▄ █
  █▀▄█ ▄▀▄▀▀▀▀▀▀▄▀▀▀█▀ █ █▀ ▄██▀▄▄ ██▄▄▀█
  ███▄███▄█ ██ ▀  ▀ █▄█ ▄  ▀ ▀▄ ▄▄▄ ▄ ▄ █
  █ ▄▄▄▄▄ ██▄█▀ █▀▄█▀▀▀▄█▀▀▀▄▀█ █▄█  █ ▄█
  █ █   █ █▀▀▄▀ █▀▄█ ▀▀█ █▀█▀▄█   ▄ █▀█▄█
  █ █▄▄▄█ █ █▀ ▀ ▀█▀▄ ████ █ ▀▀█▀▄  ▄ ███
  █▄▄▄▄▄▄▄█▄███▄▄▄█▄▄▄█▄█▄▄▄▄▄███▄▄▄▄▄▄▄█


🤖 Open this link on your Android devices (or scan the QR code) to install the app:
https://expo.dev/accounts/rguisantoss/projects/app-cobrancas/builds/db90010e-8854-4a63-aa9b-a07f4b125deb
